// Vitest Snapshot v1, https://vitest.dev/guide/snapshot.html

exports[`Dependent state updates > calcColumnDependencies() > does stuff 1`] = `
{
  "10": {
    "95": [
      33,
    ],
  },
  "16": {
    "95": [
      36,
    ],
  },
  "17": {
    "95": [
      37,
    ],
  },
  "18": {
    "95": [
      40,
    ],
  },
  "19": {
    "95": [
      38,
    ],
  },
  "20": {
    "95": [
      39,
    ],
  },
  "23": {
    "95": [
      14,
    ],
  },
  "25": {
    "95": [
      15,
      16,
    ],
  },
  "28": {
    "95": [
      18,
      19,
    ],
  },
  "30": {
    "95": [
      27,
      28,
    ],
  },
  "32": {
    "95": [
      20,
    ],
  },
  "33": {
    "95": [
      22,
    ],
  },
  "34": {
    "95": [
      21,
    ],
  },
  "35": {
    "95": [
      24,
    ],
  },
  "36": {
    "95": [
      23,
    ],
  },
  "37": {
    "95": [
      26,
    ],
  },
  "39": {
    "95": [
      25,
    ],
  },
  "41": {
    "95": [
      29,
    ],
  },
  "43": {
    "95": [
      30,
    ],
  },
  "44": {
    "95": [
      41,
    ],
  },
  "5": {
    "95": [
      1,
    ],
  },
  "51": {
    "95": [
      42,
    ],
  },
  "52": {
    "95": [
      43,
      44,
    ],
  },
  "54": {
    "95": [
      45,
    ],
  },
  "55": {
    "95": [
      47,
    ],
  },
  "56": {
    "95": [
      46,
    ],
  },
  "57": {
    "95": [
      50,
    ],
  },
  "59": {
    "95": [
      48,
    ],
  },
  "6": {
    "95": [
      32,
    ],
  },
  "60": {
    "95": [
      49,
    ],
  },
  "62": {
    "95": [
      52,
    ],
  },
  "64": {
    "95": [
      51,
    ],
  },
  "65": {
    "95": [
      55,
    ],
  },
  "66": {
    "95": [
      54,
    ],
  },
  "67": {
    "95": [
      53,
    ],
  },
  "69": {
    "95": [
      60,
    ],
  },
  "7": {
    "95": [
      31,
    ],
  },
  "70": {
    "95": [
      34,
    ],
  },
  "71": {
    "95": [
      61,
    ],
  },
  "72": {
    "95": [
      59,
    ],
  },
  "74": {
    "95": [
      58,
    ],
  },
  "75": {
    "95": [
      57,
    ],
  },
  "77": {
    "95": [
      56,
    ],
  },
  "78": {
    "95": [
      6,
    ],
  },
  "79": {
    "95": [
      7,
    ],
  },
  "80": {
    "95": [
      8,
    ],
  },
  "84": {
    "95": [
      3,
    ],
  },
  "85": {
    "95": [
      62,
    ],
  },
  "92": {
    "95": [
      35,
    ],
  },
  "94": {
    "95": [
      4,
    ],
  },
}
`;
