// Jest Snapshot v1, https://goo.gl/fbAQLP

exports[`Dependent state updates calcColumnDependencies() does stuff 1`] = `
Object {
  "10": Object {
    "95": Array [
      33,
    ],
  },
  "16": Object {
    "95": Array [
      36,
    ],
  },
  "17": Object {
    "95": Array [
      37,
    ],
  },
  "18": Object {
    "95": Array [
      40,
    ],
  },
  "19": Object {
    "95": Array [
      38,
    ],
  },
  "20": Object {
    "95": Array [
      39,
    ],
  },
  "23": Object {
    "95": Array [
      14,
    ],
  },
  "25": Object {
    "95": Array [
      15,
      16,
    ],
  },
  "28": Object {
    "95": Array [
      18,
      19,
    ],
  },
  "30": Object {
    "95": Array [
      27,
      28,
    ],
  },
  "32": Object {
    "95": Array [
      20,
    ],
  },
  "33": Object {
    "95": Array [
      22,
    ],
  },
  "34": Object {
    "95": Array [
      21,
    ],
  },
  "35": Object {
    "95": Array [
      24,
    ],
  },
  "36": Object {
    "95": Array [
      23,
    ],
  },
  "37": Object {
    "95": Array [
      26,
    ],
  },
  "39": Object {
    "95": Array [
      25,
    ],
  },
  "41": Object {
    "95": Array [
      29,
    ],
  },
  "43": Object {
    "95": Array [
      30,
    ],
  },
  "44": Object {
    "95": Array [
      41,
    ],
  },
  "5": Object {
    "95": Array [
      1,
    ],
  },
  "51": Object {
    "95": Array [
      42,
    ],
  },
  "52": Object {
    "95": Array [
      43,
      44,
    ],
  },
  "54": Object {
    "95": Array [
      45,
    ],
  },
  "55": Object {
    "95": Array [
      47,
    ],
  },
  "56": Object {
    "95": Array [
      46,
    ],
  },
  "57": Object {
    "95": Array [
      50,
    ],
  },
  "59": Object {
    "95": Array [
      48,
    ],
  },
  "6": Object {
    "95": Array [
      32,
    ],
  },
  "60": Object {
    "95": Array [
      49,
    ],
  },
  "62": Object {
    "95": Array [
      52,
    ],
  },
  "64": Object {
    "95": Array [
      51,
    ],
  },
  "65": Object {
    "95": Array [
      55,
    ],
  },
  "66": Object {
    "95": Array [
      54,
    ],
  },
  "67": Object {
    "95": Array [
      53,
    ],
  },
  "69": Object {
    "95": Array [
      60,
    ],
  },
  "7": Object {
    "95": Array [
      31,
    ],
  },
  "70": Object {
    "95": Array [
      34,
    ],
  },
  "71": Object {
    "95": Array [
      61,
    ],
  },
  "72": Object {
    "95": Array [
      59,
    ],
  },
  "74": Object {
    "95": Array [
      58,
    ],
  },
  "75": Object {
    "95": Array [
      57,
    ],
  },
  "77": Object {
    "95": Array [
      56,
    ],
  },
  "78": Object {
    "95": Array [
      6,
    ],
  },
  "79": Object {
    "95": Array [
      7,
    ],
  },
  "80": Object {
    "95": Array [
      8,
    ],
  },
  "84": Object {
    "95": Array [
      3,
    ],
  },
  "85": Object {
    "95": Array [
      62,
    ],
  },
  "92": Object {
    "95": Array [
      35,
    ],
  },
  "94": Object {
    "95": Array [
      4,
    ],
  },
}
`;
